<CPackage(xmi_id:'127-0-1-1--9b39813:13af03f5b9c:-8000:0000000000000866', name:'Testing 1')>
  <CClass(xmi_id:'127-0-1-1--9b39813:13af03f5b9c:-8000:0000000000000867', name:'Class 1')>
    <CAttribute(xmi_id:'127-0-1-1--9b39813:13af03f5b9c:-8000:0000000000000868', name:'attr1', size=None)>
      <CDataType(xmi_id:'-84-17--56-5-43645a83:11466542d86:-8000:000000000000087C', name:'Integer')>
